// Jest Snapshot v1, https://goo.gl/fbAQLP

exports[`Button component shows button text 1`] = `
<button
  className="button pill"
>
  Test Button
</button>
`;
